Vertex:      0
Page Number: 0
xCoord:      12904
yCoord:      11111
------
Vertex:      1
Page Number: 1
xCoord:      1024
yCoord:      1283
------
Vertex:      2
Page Number: 2
xCoord:      1
yCoord:      4
------
